// Jest Snapshot v1, https://goo.gl/fbAQLP

exports[`StaticIOShell 1`] = `
<div
  className="flex-column"
>
  <div
    className="flex-elem flex-row"
  >
    <div
      className="flex-elem-fix flex-column"
    >
      <div
        className="flex-elem-fix"
      >
        <div
          className="flex-row"
        >
          <button
            className="flex-elem"
            onClick={[Function]}
            style={
              Object {
                "display": "block",
              }
            }
          >
            run
          </button>
        </div>
      </div>
      <div
        className="flex-elem-fix"
      >
        <div
          className="flex-row"
        >
          <button
            className="flex-elem"
            onClick={[Function]}
            style={
              Object {
                "display": "block",
              }
            }
          >
            kill
          </button>
        </div>
      </div>
      <div
        className="flex-elem-fix"
      >
        <div
          className="flex-row"
        >
          <button
            className="flex-elem"
            onClick={[Function]}
            style={
              Object {
                "display": "block",
              }
            }
          >
            IO/Err
          </button>
        </div>
      </div>
    </div>
    <div
      className="flex-elem flex-row"
      style={
        Object {
          "overflow": "hidden",
          "resize": "vertical",
        }
      }
    >
      <div
        className="flex-elem-fix flex-column"
      >
        <textarea
          onChange={[Function]}
          placeholder="stdin"
          rows={8}
          spellCheck="false"
          style={
            Object {
              "display": "block",
              "flex": "1 1 auto",
              "height": "auto",
              "overflow": "scroll",
              "resize": "horizontal",
              "width": "auto",
            }
          }
          value="ruby"
        />
      </div>
      <div
        className="flex-elem flex-column"
      >
        <textarea
          onChange={[Function]}
          placeholder="stdout"
          rows={8}
          spellCheck="false"
          style={
            Object {
              "display": "block",
              "flex": "1 1 auto",
              "height": "auto",
              "overflow": "scroll",
              "resize": "none",
              "width": "auto",
            }
          }
          value="puts gets"
        />
      </div>
    </div>
  </div>
</div>
`;

exports[`StaticIOShell 2`] = `
<div
  className="flex-column"
>
  <div
    className="flex-elem flex-row"
  >
    <div
      className="flex-elem-fix flex-column"
    >
      <div
        className="flex-elem-fix"
      >
        <div
          className="flex-row"
        >
          <button
            className="flex-elem"
            onClick={[Function]}
            style={
              Object {
                "display": "block",
              }
            }
          >
            run
          </button>
        </div>
      </div>
      <div
        className="flex-elem-fix"
      >
        <div
          className="flex-row"
        >
          <button
            className="flex-elem"
            onClick={[Function]}
            style={
              Object {
                "display": "block",
              }
            }
          >
            kill
          </button>
        </div>
      </div>
      <div
        className="flex-elem-fix"
      >
        <div
          className="flex-row"
        >
          <button
            className="flex-elem"
            onClick={[Function]}
            style={
              Object {
                "display": "block",
              }
            }
          >
            IO/Err
          </button>
        </div>
      </div>
    </div>
    <div
      className="flex-elem flex-row"
      style={
        Object {
          "overflow": "hidden",
          "resize": "vertical",
        }
      }
    >
      <textarea
        onChange={[Function]}
        placeholder="stderr"
        readOnly={true}
        rows={8}
        spellCheck="false"
        style={
          Object {
            "display": "block",
            "flex": "1 1 auto",
            "height": "auto",
            "overflow": "scroll",
            "resize": "none",
            "width": "auto",
          }
        }
        value=""
      />
    </div>
  </div>
</div>
`;

exports[`StaticIOShell 3`] = `
Array [
  Object {
    "action": "init",
    "id": Object {
      "clicmid": 1,
    },
    "info": Object {
      "code": "p gets",
      "stdin": "ruby",
      "type": "filestdin",
    },
    "lang": "ruby",
  },
]
`;

exports[`StaticIOShell 4`] = `
<div
  className="flex-column"
>
  <div
    className="flex-elem flex-row"
  >
    <div
      className="flex-elem-fix flex-column"
    >
      <div
        className="flex-elem-fix"
      >
        <div
          className="flex-row"
        >
          <button
            className="flex-elem"
            onClick={[Function]}
            style={
              Object {
                "display": "block",
              }
            }
          >
            run
          </button>
        </div>
      </div>
      <div
        className="flex-elem-fix"
      >
        <div
          className="flex-row"
        >
          <button
            className="flex-elem"
            onClick={[Function]}
            style={
              Object {
                "display": "block",
              }
            }
          >
            kill
          </button>
        </div>
      </div>
      <div
        className="flex-elem-fix"
      >
        <div
          className="flex-row"
        >
          <button
            className="flex-elem"
            onClick={[Function]}
            style={
              Object {
                "display": "block",
              }
            }
          >
            IO/Err
          </button>
        </div>
      </div>
    </div>
    <div
      className="flex-elem flex-row"
      style={
        Object {
          "overflow": "hidden",
          "resize": "vertical",
        }
      }
    >
      <div
        className="flex-elem-fix flex-column"
      >
        <textarea
          onChange={[Function]}
          placeholder="stdin"
          rows={8}
          spellCheck="false"
          style={
            Object {
              "display": "block",
              "flex": "1 1 auto",
              "height": "auto",
              "overflow": "scroll",
              "resize": "horizontal",
              "width": "auto",
            }
          }
          value="ruby"
        />
      </div>
      <div
        className="flex-elem flex-column"
      >
        <textarea
          onChange={[Function]}
          placeholder="stdout"
          rows={8}
          spellCheck="false"
          style={
            Object {
              "display": "block",
              "flex": "1 1 auto",
              "height": "auto",
              "overflow": "scroll",
              "resize": "none",
              "width": "auto",
            }
          }
          value="puts gets"
        />
      </div>
    </div>
  </div>
</div>
`;

exports[`StaticIOShell 5`] = `
Array [
  Array [],
  Array [],
  Array [],
  Array [
    Array [
      Object {
        "color": "gray",
        "details": null,
        "log": "",
        "summary": "setup",
      },
    ],
  ],
  Array [
    Array [],
  ],
  Array [],
  Array [
    Array [],
  ],
]
`;

exports[`StaticIOShell 6`] = `
<div
  className="flex-column"
>
  <div
    className="flex-elem flex-row"
  >
    <div
      className="flex-elem-fix flex-column"
    >
      <div
        className="flex-elem-fix"
      >
        <div
          className="flex-row"
        >
          <button
            className="flex-elem"
            onClick={[Function]}
            style={
              Object {
                "display": "block",
              }
            }
          >
            run
          </button>
        </div>
      </div>
      <div
        className="flex-elem-fix"
      >
        <div
          className="flex-row"
        >
          <button
            className="flex-elem"
            onClick={[Function]}
            style={
              Object {
                "display": "block",
              }
            }
          >
            kill
          </button>
        </div>
      </div>
      <div
        className="flex-elem-fix"
      >
        <div
          className="flex-row"
        >
          <button
            className="flex-elem"
            onClick={[Function]}
            style={
              Object {
                "display": "block",
              }
            }
          >
            IO/Err
          </button>
        </div>
      </div>
    </div>
    <div
      className="flex-elem flex-row"
      style={
        Object {
          "overflow": "hidden",
          "resize": "vertical",
        }
      }
    >
      <div
        className="flex-elem-fix flex-column"
      >
        <textarea
          onChange={[Function]}
          placeholder="stdin"
          rows={8}
          spellCheck="false"
          style={
            Object {
              "display": "block",
              "flex": "1 1 auto",
              "height": "auto",
              "overflow": "scroll",
              "resize": "horizontal",
              "width": "auto",
            }
          }
          value="ruby"
        />
      </div>
      <div
        className="flex-elem flex-column"
      >
        <textarea
          onChange={[Function]}
          placeholder="stdout"
          rows={8}
          spellCheck="false"
          style={
            Object {
              "display": "block",
              "flex": "1 1 auto",
              "height": "auto",
              "overflow": "scroll",
              "resize": "none",
              "width": "auto",
            }
          }
          value="puts gets"
        />
      </div>
    </div>
  </div>
</div>
`;

exports[`StaticIOShell 7`] = `
Array [
  Array [],
  Array [],
  Array [],
  Array [
    Array [
      Object {
        "color": "gray",
        "details": null,
        "log": "",
        "summary": "setup",
      },
    ],
    Array [
      Object {
        "color": "gray",
        "details": null,
        "log": "",
        "summary": "store",
      },
    ],
  ],
  Array [
    Array [],
  ],
  Array [],
  Array [
    Array [],
  ],
]
`;

exports[`StaticIOShell 8`] = `
<div
  className="flex-column"
>
  <div
    className="flex-elem flex-row"
  >
    <div
      className="flex-elem-fix flex-column"
    >
      <div
        className="flex-elem-fix"
      >
        <div
          className="flex-row"
        >
          <button
            className="flex-elem"
            onClick={[Function]}
            style={
              Object {
                "display": "block",
              }
            }
          >
            run
          </button>
        </div>
      </div>
      <div
        className="flex-elem-fix"
      >
        <div
          className="flex-row"
        >
          <button
            className="flex-elem"
            onClick={[Function]}
            style={
              Object {
                "display": "block",
              }
            }
          >
            kill
          </button>
        </div>
      </div>
      <div
        className="flex-elem-fix"
      >
        <div
          className="flex-row"
        >
          <button
            className="flex-elem"
            onClick={[Function]}
            style={
              Object {
                "display": "block",
              }
            }
          >
            IO/Err
          </button>
        </div>
      </div>
    </div>
    <div
      className="flex-elem flex-row"
      style={
        Object {
          "overflow": "hidden",
          "resize": "vertical",
        }
      }
    >
      <div
        className="flex-elem-fix flex-column"
      >
        <textarea
          onChange={[Function]}
          placeholder="stdin"
          rows={8}
          spellCheck="false"
          style={
            Object {
              "display": "block",
              "flex": "1 1 auto",
              "height": "auto",
              "overflow": "scroll",
              "resize": "horizontal",
              "width": "auto",
            }
          }
          value="ruby"
        />
      </div>
      <div
        className="flex-elem flex-column"
      >
        <textarea
          onChange={[Function]}
          placeholder="stdout"
          rows={8}
          spellCheck="false"
          style={
            Object {
              "display": "block",
              "flex": "1 1 auto",
              "height": "auto",
              "overflow": "scroll",
              "resize": "none",
              "width": "auto",
            }
          }
          value="puts gets"
        />
      </div>
    </div>
  </div>
</div>
`;

exports[`StaticIOShell 9`] = `
Array [
  Array [],
  Array [],
  Array [],
  Array [
    Array [
      Object {
        "color": "gray",
        "details": null,
        "log": "",
        "summary": "setup",
      },
    ],
    Array [
      Object {
        "color": "gray",
        "details": null,
        "log": "",
        "summary": "store",
      },
    ],
    Array [
      Object {
        "color": "light",
        "details": null,
        "log": "",
        "summary": "exec...",
      },
    ],
  ],
  Array [
    Array [],
  ],
  Array [],
  Array [
    Array [],
  ],
]
`;

exports[`StaticIOShell 10`] = `
<div
  className="flex-column"
>
  <div
    className="flex-elem flex-row"
  >
    <div
      className="flex-elem-fix flex-column"
    >
      <div
        className="flex-elem-fix"
      >
        <div
          className="flex-row"
        >
          <button
            className="flex-elem"
            onClick={[Function]}
            style={
              Object {
                "display": "block",
              }
            }
          >
            run
          </button>
        </div>
      </div>
      <div
        className="flex-elem-fix"
      >
        <div
          className="flex-row"
        >
          <button
            className="flex-elem"
            onClick={[Function]}
            style={
              Object {
                "display": "block",
              }
            }
          >
            kill
          </button>
        </div>
      </div>
      <div
        className="flex-elem-fix"
      >
        <div
          className="flex-row"
        >
          <button
            className="flex-elem"
            onClick={[Function]}
            style={
              Object {
                "display": "block",
              }
            }
          >
            IO/Err
          </button>
        </div>
      </div>
    </div>
    <div
      className="flex-elem flex-row"
      style={
        Object {
          "overflow": "hidden",
          "resize": "vertical",
        }
      }
    >
      <div
        className="flex-elem-fix flex-column"
      >
        <textarea
          onChange={[Function]}
          placeholder="stdin"
          rows={8}
          spellCheck="false"
          style={
            Object {
              "display": "block",
              "flex": "1 1 auto",
              "height": "auto",
              "overflow": "scroll",
              "resize": "horizontal",
              "width": "auto",
            }
          }
          value="ruby"
        />
      </div>
      <div
        className="flex-elem flex-column"
      >
        <textarea
          onChange={[Function]}
          placeholder="stdout"
          rows={8}
          spellCheck="false"
          style={
            Object {
              "display": "block",
              "flex": "1 1 auto",
              "height": "auto",
              "overflow": "scroll",
              "resize": "none",
              "width": "auto",
            }
          }
          value="puts gets"
        />
      </div>
    </div>
  </div>
</div>
`;

exports[`StaticIOShell 11`] = `
Array [
  Array [],
  Array [],
  Array [],
  Array [
    Array [
      Object {
        "color": "gray",
        "details": null,
        "log": "",
        "summary": "setup",
      },
    ],
    Array [
      Object {
        "color": "gray",
        "details": null,
        "log": "",
        "summary": "store",
      },
    ],
    Array [
      Object {
        "color": "light",
        "details": null,
        "log": "",
        "summary": "exec...",
      },
    ],
    Array [
      Object {
        "color": "gray",
        "details": null,
        "log": "",
        "summary": "exec",
      },
    ],
  ],
  Array [
    Array [],
  ],
  Array [],
  Array [
    Array [],
  ],
]
`;

exports[`StaticIOShell 12`] = `
<div
  className="flex-column"
>
  <div
    className="flex-elem flex-row"
  >
    <div
      className="flex-elem-fix flex-column"
    >
      <div
        className="flex-elem-fix"
      >
        <div
          className="flex-row"
        >
          <button
            className="flex-elem"
            onClick={[Function]}
            style={
              Object {
                "display": "block",
              }
            }
          >
            run
          </button>
        </div>
      </div>
      <div
        className="flex-elem-fix"
      >
        <div
          className="flex-row"
        >
          <button
            className="flex-elem"
            onClick={[Function]}
            style={
              Object {
                "display": "block",
              }
            }
          >
            kill
          </button>
        </div>
      </div>
      <div
        className="flex-elem-fix"
      >
        <div
          className="flex-row"
        >
          <button
            className="flex-elem"
            onClick={[Function]}
            style={
              Object {
                "display": "block",
              }
            }
          >
            IO/Err
          </button>
        </div>
      </div>
    </div>
    <div
      className="flex-elem flex-row"
      style={
        Object {
          "overflow": "hidden",
          "resize": "vertical",
        }
      }
    >
      <div
        className="flex-elem-fix flex-column"
      >
        <textarea
          onChange={[Function]}
          placeholder="stdin"
          rows={8}
          spellCheck="false"
          style={
            Object {
              "display": "block",
              "flex": "1 1 auto",
              "height": "auto",
              "overflow": "scroll",
              "resize": "horizontal",
              "width": "auto",
            }
          }
          value="ruby"
        />
      </div>
      <div
        className="flex-elem flex-column"
      >
        <textarea
          onChange={[Function]}
          placeholder="stdout"
          rows={8}
          spellCheck="false"
          style={
            Object {
              "display": "block",
              "flex": "1 1 auto",
              "height": "auto",
              "overflow": "scroll",
              "resize": "none",
              "width": "auto",
            }
          }
          value="puts gets"
        />
      </div>
    </div>
  </div>
</div>
`;

exports[`StaticIOShell 13`] = `
Array [
  Array [],
  Array [],
  Array [],
  Array [
    Array [
      Object {
        "color": "gray",
        "details": null,
        "log": "",
        "summary": "setup",
      },
    ],
    Array [
      Object {
        "color": "gray",
        "details": null,
        "log": "",
        "summary": "store",
      },
    ],
    Array [
      Object {
        "color": "light",
        "details": null,
        "log": "",
        "summary": "exec...",
      },
    ],
    Array [
      Object {
        "color": "gray",
        "details": null,
        "log": "",
        "summary": "exec",
      },
    ],
    Array [
      Object {
        "color": "gray",
        "details": null,
        "log": "",
        "summary": "pull",
      },
    ],
  ],
  Array [
    Array [],
  ],
  Array [],
  Array [
    Array [],
  ],
]
`;

exports[`StaticIOShell 14`] = `
<div
  className="flex-column"
>
  <div
    className="flex-elem flex-row"
  >
    <div
      className="flex-elem-fix flex-column"
    >
      <div
        className="flex-elem-fix"
      >
        <div
          className="flex-row"
        >
          <button
            className="flex-elem"
            onClick={[Function]}
            style={
              Object {
                "display": "block",
              }
            }
          >
            run
          </button>
        </div>
      </div>
      <div
        className="flex-elem-fix"
      >
        <div
          className="flex-row"
        >
          <button
            className="flex-elem"
            onClick={[Function]}
            style={
              Object {
                "display": "block",
              }
            }
          >
            kill
          </button>
        </div>
      </div>
      <div
        className="flex-elem-fix"
      >
        <div
          className="flex-row"
        >
          <button
            className="flex-elem"
            onClick={[Function]}
            style={
              Object {
                "display": "block",
              }
            }
          >
            IO/Err
          </button>
        </div>
      </div>
    </div>
    <div
      className="flex-elem flex-row"
      style={
        Object {
          "overflow": "hidden",
          "resize": "vertical",
        }
      }
    >
      <div
        className="flex-elem-fix flex-column"
      >
        <textarea
          onChange={[Function]}
          placeholder="stdin"
          rows={8}
          spellCheck="false"
          style={
            Object {
              "display": "block",
              "flex": "1 1 auto",
              "height": "auto",
              "overflow": "scroll",
              "resize": "horizontal",
              "width": "auto",
            }
          }
          value="ruby"
        />
      </div>
      <div
        className="flex-elem flex-column"
      >
        <textarea
          onChange={[Function]}
          placeholder="stdout"
          rows={8}
          spellCheck="false"
          style={
            Object {
              "display": "block",
              "flex": "1 1 auto",
              "height": "auto",
              "overflow": "scroll",
              "resize": "none",
              "width": "auto",
            }
          }
          value="puts gets"
        />
      </div>
    </div>
  </div>
</div>
`;

exports[`StaticIOShell 15`] = `
Array [
  Array [],
  Array [
    Array [
      "ASDFADSFA
",
    ],
  ],
  Array [],
  Array [
    Array [
      Object {
        "color": "gray",
        "details": null,
        "log": "",
        "summary": "setup",
      },
    ],
    Array [
      Object {
        "color": "gray",
        "details": null,
        "log": "",
        "summary": "store",
      },
    ],
    Array [
      Object {
        "color": "light",
        "details": null,
        "log": "",
        "summary": "exec...",
      },
    ],
    Array [
      Object {
        "color": "gray",
        "details": null,
        "log": "",
        "summary": "exec",
      },
    ],
    Array [
      Object {
        "color": "gray",
        "details": null,
        "log": "",
        "summary": "pull",
      },
    ],
    Array [
      Object {
        "color": "success",
        "details": Array [
          Object {
            "key": "time",
            "type": "param",
            "value": 0.043364763259887695,
          },
          Object {
            "key": "exitstatus",
            "type": "param",
            "value": 0,
          },
          Object {
            "text": "asdfadsfa
",
            "title": "stderr",
            "type": "text",
          },
        ],
        "log": "asdfadsfa
",
        "summary": "result(exec)",
      },
    ],
  ],
  Array [
    Array [],
  ],
  Array [
    Array [
      Array [],
    ],
  ],
  Array [
    Array [],
  ],
]
`;

exports[`StaticIOShell 16`] = `
<div
  className="flex-column"
>
  <div
    className="flex-elem flex-row"
  >
    <div
      className="flex-elem-fix flex-column"
    >
      <div
        className="flex-elem-fix"
      >
        <div
          className="flex-row"
        >
          <button
            className="flex-elem"
            onClick={[Function]}
            style={
              Object {
                "display": "block",
              }
            }
          >
            run
          </button>
        </div>
      </div>
      <div
        className="flex-elem-fix"
      >
        <div
          className="flex-row"
        >
          <button
            className="flex-elem"
            onClick={[Function]}
            style={
              Object {
                "display": "block",
              }
            }
          >
            kill
          </button>
        </div>
      </div>
      <div
        className="flex-elem-fix"
      >
        <div
          className="flex-row"
        >
          <button
            className="flex-elem"
            onClick={[Function]}
            style={
              Object {
                "display": "block",
              }
            }
          >
            IO/Err
          </button>
        </div>
      </div>
    </div>
    <div
      className="flex-elem flex-row"
      style={
        Object {
          "overflow": "hidden",
          "resize": "vertical",
        }
      }
    >
      <div
        className="flex-elem-fix flex-column"
      >
        <textarea
          onChange={[Function]}
          placeholder="stdin"
          rows={8}
          spellCheck="false"
          style={
            Object {
              "display": "block",
              "flex": "1 1 auto",
              "height": "auto",
              "overflow": "scroll",
              "resize": "horizontal",
              "width": "auto",
            }
          }
          value="ruby"
        />
      </div>
      <div
        className="flex-elem flex-column"
      >
        <textarea
          onChange={[Function]}
          placeholder="stdout"
          rows={8}
          spellCheck="false"
          style={
            Object {
              "display": "block",
              "flex": "1 1 auto",
              "height": "auto",
              "overflow": "scroll",
              "resize": "none",
              "width": "auto",
            }
          }
          value="puts gets"
        />
      </div>
    </div>
  </div>
</div>
`;

exports[`StaticIOShell 17`] = `
Array [
  Array [],
  Array [
    Array [
      "ASDFADSFA
",
    ],
  ],
  Array [],
  Array [
    Array [
      Object {
        "color": "gray",
        "details": null,
        "log": "",
        "summary": "setup",
      },
    ],
    Array [
      Object {
        "color": "gray",
        "details": null,
        "log": "",
        "summary": "store",
      },
    ],
    Array [
      Object {
        "color": "light",
        "details": null,
        "log": "",
        "summary": "exec...",
      },
    ],
    Array [
      Object {
        "color": "gray",
        "details": null,
        "log": "",
        "summary": "exec",
      },
    ],
    Array [
      Object {
        "color": "gray",
        "details": null,
        "log": "",
        "summary": "pull",
      },
    ],
    Array [
      Object {
        "color": "success",
        "details": Array [
          Object {
            "key": "time",
            "type": "param",
            "value": 0.043364763259887695,
          },
          Object {
            "key": "exitstatus",
            "type": "param",
            "value": 0,
          },
          Object {
            "text": "asdfadsfa
",
            "title": "stderr",
            "type": "text",
          },
        ],
        "log": "asdfadsfa
",
        "summary": "result(exec)",
      },
    ],
    Array [
      Object {
        "color": "gray",
        "details": null,
        "log": "",
        "summary": "finalize",
      },
    ],
  ],
  Array [
    Array [],
  ],
  Array [
    Array [
      Array [],
    ],
  ],
  Array [
    Array [],
  ],
]
`;

exports[`StaticIOShell_Kill 1`] = `
Array [
  Array [
    Object {
      "action": "init",
      "id": Object {
        "clicmid": 1,
      },
      "info": Object {
        "code": "p gets",
        "stdin": "ruby",
        "type": "filestdin",
      },
      "lang": "ruby",
    },
  ],
  Array [
    Object {
      "action": "kill",
      "id": Object {
        "clicmid": 1,
      },
    },
  ],
]
`;

exports[`StaticIOShell_Kill 2`] = `
<div
  className="flex-column"
>
  <div
    className="flex-elem flex-row"
  >
    <div
      className="flex-elem-fix flex-column"
    >
      <div
        className="flex-elem-fix"
      >
        <div
          className="flex-row"
        >
          <button
            className="flex-elem"
            onClick={[Function]}
            style={
              Object {
                "display": "block",
              }
            }
          >
            run
          </button>
        </div>
      </div>
      <div
        className="flex-elem-fix"
      >
        <div
          className="flex-row"
        >
          <button
            className="flex-elem"
            onClick={[Function]}
            style={
              Object {
                "display": "block",
              }
            }
          >
            kill
          </button>
        </div>
      </div>
      <div
        className="flex-elem-fix"
      >
        <div
          className="flex-row"
        >
          <button
            className="flex-elem"
            onClick={[Function]}
            style={
              Object {
                "display": "block",
              }
            }
          >
            IO/Err
          </button>
        </div>
      </div>
    </div>
    <div
      className="flex-elem flex-row"
      style={
        Object {
          "overflow": "hidden",
          "resize": "vertical",
        }
      }
    >
      <div
        className="flex-elem-fix flex-column"
      >
        <textarea
          onChange={[Function]}
          placeholder="stdin"
          rows={8}
          spellCheck="false"
          style={
            Object {
              "display": "block",
              "flex": "1 1 auto",
              "height": "auto",
              "overflow": "scroll",
              "resize": "horizontal",
              "width": "auto",
            }
          }
          value="ruby"
        />
      </div>
      <div
        className="flex-elem flex-column"
      >
        <textarea
          onChange={[Function]}
          placeholder="stdout"
          rows={8}
          spellCheck="false"
          style={
            Object {
              "display": "block",
              "flex": "1 1 auto",
              "height": "auto",
              "overflow": "scroll",
              "resize": "none",
              "width": "auto",
            }
          }
          value="puts gets"
        />
      </div>
    </div>
  </div>
</div>
`;

exports[`StaticIOShell_Kill 3`] = `
Array [
  Array [
    Object {
      "action": "init",
      "id": Object {
        "clicmid": 2,
      },
      "info": Object {
        "code": "p gets",
        "stdin": "ruby",
        "type": "filestdin",
      },
      "lang": "ruby",
    },
  ],
  Array [
    Object {
      "action": "kill",
      "id": Object {
        "clicmid": 2,
      },
    },
  ],
]
`;

exports[`StaticIOShell_Kill 4`] = `
<div
  className="flex-column"
>
  <div
    className="flex-elem flex-row"
  >
    <div
      className="flex-elem-fix flex-column"
    >
      <div
        className="flex-elem-fix"
      >
        <div
          className="flex-row"
        >
          <button
            className="flex-elem"
            onClick={[Function]}
            style={
              Object {
                "display": "block",
              }
            }
          >
            run
          </button>
        </div>
      </div>
      <div
        className="flex-elem-fix"
      >
        <div
          className="flex-row"
        >
          <button
            className="flex-elem"
            onClick={[Function]}
            style={
              Object {
                "display": "block",
              }
            }
          >
            kill
          </button>
        </div>
      </div>
      <div
        className="flex-elem-fix"
      >
        <div
          className="flex-row"
        >
          <button
            className="flex-elem"
            onClick={[Function]}
            style={
              Object {
                "display": "block",
              }
            }
          >
            IO/Err
          </button>
        </div>
      </div>
    </div>
    <div
      className="flex-elem flex-row"
      style={
        Object {
          "overflow": "hidden",
          "resize": "vertical",
        }
      }
    >
      <div
        className="flex-elem-fix flex-column"
      >
        <textarea
          onChange={[Function]}
          placeholder="stdin"
          rows={8}
          spellCheck="false"
          style={
            Object {
              "display": "block",
              "flex": "1 1 auto",
              "height": "auto",
              "overflow": "scroll",
              "resize": "horizontal",
              "width": "auto",
            }
          }
          value="ruby"
        />
      </div>
      <div
        className="flex-elem flex-column"
      >
        <textarea
          onChange={[Function]}
          placeholder="stdout"
          rows={8}
          spellCheck="false"
          style={
            Object {
              "display": "block",
              "flex": "1 1 auto",
              "height": "auto",
              "overflow": "scroll",
              "resize": "none",
              "width": "auto",
            }
          }
          value="puts gets"
        />
      </div>
    </div>
  </div>
</div>
`;

exports[`StaticIOShell_Kill 5`] = `
Array [
  Array [
    Object {
      "action": "init",
      "id": Object {
        "clicmid": 3,
      },
      "info": Object {
        "code": "p gets",
        "stdin": "ruby",
        "type": "filestdin",
      },
      "lang": "ruby",
    },
  ],
  Array [
    Object {
      "action": "kill",
      "id": Object {
        "clicmid": 3,
      },
    },
  ],
]
`;

exports[`StaticIOShell_Kill 6`] = `
<div
  className="flex-column"
>
  <div
    className="flex-elem flex-row"
  >
    <div
      className="flex-elem-fix flex-column"
    >
      <div
        className="flex-elem-fix"
      >
        <div
          className="flex-row"
        >
          <button
            className="flex-elem"
            onClick={[Function]}
            style={
              Object {
                "display": "block",
              }
            }
          >
            run
          </button>
        </div>
      </div>
      <div
        className="flex-elem-fix"
      >
        <div
          className="flex-row"
        >
          <button
            className="flex-elem"
            onClick={[Function]}
            style={
              Object {
                "display": "block",
              }
            }
          >
            kill
          </button>
        </div>
      </div>
      <div
        className="flex-elem-fix"
      >
        <div
          className="flex-row"
        >
          <button
            className="flex-elem"
            onClick={[Function]}
            style={
              Object {
                "display": "block",
              }
            }
          >
            IO/Err
          </button>
        </div>
      </div>
    </div>
    <div
      className="flex-elem flex-row"
      style={
        Object {
          "overflow": "hidden",
          "resize": "vertical",
        }
      }
    >
      <div
        className="flex-elem-fix flex-column"
      >
        <textarea
          onChange={[Function]}
          placeholder="stdin"
          rows={8}
          spellCheck="false"
          style={
            Object {
              "display": "block",
              "flex": "1 1 auto",
              "height": "auto",
              "overflow": "scroll",
              "resize": "horizontal",
              "width": "auto",
            }
          }
          value="ruby"
        />
      </div>
      <div
        className="flex-elem flex-column"
      >
        <textarea
          onChange={[Function]}
          placeholder="stdout"
          rows={8}
          spellCheck="false"
          style={
            Object {
              "display": "block",
              "flex": "1 1 auto",
              "height": "auto",
              "overflow": "scroll",
              "resize": "none",
              "width": "auto",
            }
          }
          value="puts gets"
        />
      </div>
    </div>
  </div>
</div>
`;

exports[`StaticIOShell_Kill 7`] = `
Array [
  Array [
    Object {
      "action": "init",
      "id": Object {
        "clicmid": 4,
      },
      "info": Object {
        "code": "p gets",
        "stdin": "ruby",
        "type": "filestdin",
      },
      "lang": "ruby",
    },
  ],
  Array [
    Object {
      "action": "kill",
      "id": Object {
        "clicmid": 4,
      },
    },
  ],
]
`;

exports[`StaticIOShell_Kill 8`] = `
<div
  className="flex-column"
>
  <div
    className="flex-elem flex-row"
  >
    <div
      className="flex-elem-fix flex-column"
    >
      <div
        className="flex-elem-fix"
      >
        <div
          className="flex-row"
        >
          <button
            className="flex-elem"
            onClick={[Function]}
            style={
              Object {
                "display": "block",
              }
            }
          >
            run
          </button>
        </div>
      </div>
      <div
        className="flex-elem-fix"
      >
        <div
          className="flex-row"
        >
          <button
            className="flex-elem"
            onClick={[Function]}
            style={
              Object {
                "display": "block",
              }
            }
          >
            kill
          </button>
        </div>
      </div>
      <div
        className="flex-elem-fix"
      >
        <div
          className="flex-row"
        >
          <button
            className="flex-elem"
            onClick={[Function]}
            style={
              Object {
                "display": "block",
              }
            }
          >
            IO/Err
          </button>
        </div>
      </div>
    </div>
    <div
      className="flex-elem flex-row"
      style={
        Object {
          "overflow": "hidden",
          "resize": "vertical",
        }
      }
    >
      <div
        className="flex-elem-fix flex-column"
      >
        <textarea
          onChange={[Function]}
          placeholder="stdin"
          rows={8}
          spellCheck="false"
          style={
            Object {
              "display": "block",
              "flex": "1 1 auto",
              "height": "auto",
              "overflow": "scroll",
              "resize": "horizontal",
              "width": "auto",
            }
          }
          value="ruby"
        />
      </div>
      <div
        className="flex-elem flex-column"
      >
        <textarea
          onChange={[Function]}
          placeholder="stdout"
          rows={8}
          spellCheck="false"
          style={
            Object {
              "display": "block",
              "flex": "1 1 auto",
              "height": "auto",
              "overflow": "scroll",
              "resize": "none",
              "width": "auto",
            }
          }
          value="puts gets"
        />
      </div>
    </div>
  </div>
</div>
`;

exports[`StaticIOShell_Kill 9`] = `
Array [
  Array [
    Object {
      "action": "init",
      "id": Object {
        "clicmid": 5,
      },
      "info": Object {
        "code": "p gets",
        "stdin": "ruby",
        "type": "filestdin",
      },
      "lang": "ruby",
    },
  ],
  Array [
    Object {
      "action": "kill",
      "id": Object {
        "clicmid": 5,
      },
    },
  ],
]
`;

exports[`StaticIOShell_Kill 10`] = `
<div
  className="flex-column"
>
  <div
    className="flex-elem flex-row"
  >
    <div
      className="flex-elem-fix flex-column"
    >
      <div
        className="flex-elem-fix"
      >
        <div
          className="flex-row"
        >
          <button
            className="flex-elem"
            onClick={[Function]}
            style={
              Object {
                "display": "block",
              }
            }
          >
            run
          </button>
        </div>
      </div>
      <div
        className="flex-elem-fix"
      >
        <div
          className="flex-row"
        >
          <button
            className="flex-elem"
            onClick={[Function]}
            style={
              Object {
                "display": "block",
              }
            }
          >
            kill
          </button>
        </div>
      </div>
      <div
        className="flex-elem-fix"
      >
        <div
          className="flex-row"
        >
          <button
            className="flex-elem"
            onClick={[Function]}
            style={
              Object {
                "display": "block",
              }
            }
          >
            IO/Err
          </button>
        </div>
      </div>
    </div>
    <div
      className="flex-elem flex-row"
      style={
        Object {
          "overflow": "hidden",
          "resize": "vertical",
        }
      }
    >
      <div
        className="flex-elem-fix flex-column"
      >
        <textarea
          onChange={[Function]}
          placeholder="stdin"
          rows={8}
          spellCheck="false"
          style={
            Object {
              "display": "block",
              "flex": "1 1 auto",
              "height": "auto",
              "overflow": "scroll",
              "resize": "horizontal",
              "width": "auto",
            }
          }
          value="ruby"
        />
      </div>
      <div
        className="flex-elem flex-column"
      >
        <textarea
          onChange={[Function]}
          placeholder="stdout"
          rows={8}
          spellCheck="false"
          style={
            Object {
              "display": "block",
              "flex": "1 1 auto",
              "height": "auto",
              "overflow": "scroll",
              "resize": "none",
              "width": "auto",
            }
          }
          value="puts gets"
        />
      </div>
    </div>
  </div>
</div>
`;

exports[`StaticIOShell_Kill 11`] = `
Array [
  Array [
    Object {
      "action": "init",
      "id": Object {
        "clicmid": 6,
      },
      "info": Object {
        "code": "p gets",
        "stdin": "ruby",
        "type": "filestdin",
      },
      "lang": "ruby",
    },
  ],
  Array [
    Object {
      "action": "kill",
      "id": Object {
        "clicmid": 6,
      },
    },
  ],
]
`;

exports[`StaticIOShell_Kill 12`] = `
<div
  className="flex-column"
>
  <div
    className="flex-elem flex-row"
  >
    <div
      className="flex-elem-fix flex-column"
    >
      <div
        className="flex-elem-fix"
      >
        <div
          className="flex-row"
        >
          <button
            className="flex-elem"
            onClick={[Function]}
            style={
              Object {
                "display": "block",
              }
            }
          >
            run
          </button>
        </div>
      </div>
      <div
        className="flex-elem-fix"
      >
        <div
          className="flex-row"
        >
          <button
            className="flex-elem"
            onClick={[Function]}
            style={
              Object {
                "display": "block",
              }
            }
          >
            kill
          </button>
        </div>
      </div>
      <div
        className="flex-elem-fix"
      >
        <div
          className="flex-row"
        >
          <button
            className="flex-elem"
            onClick={[Function]}
            style={
              Object {
                "display": "block",
              }
            }
          >
            IO/Err
          </button>
        </div>
      </div>
    </div>
    <div
      className="flex-elem flex-row"
      style={
        Object {
          "overflow": "hidden",
          "resize": "vertical",
        }
      }
    >
      <div
        className="flex-elem-fix flex-column"
      >
        <textarea
          onChange={[Function]}
          placeholder="stdin"
          rows={8}
          spellCheck="false"
          style={
            Object {
              "display": "block",
              "flex": "1 1 auto",
              "height": "auto",
              "overflow": "scroll",
              "resize": "horizontal",
              "width": "auto",
            }
          }
          value="ruby"
        />
      </div>
      <div
        className="flex-elem flex-column"
      >
        <textarea
          onChange={[Function]}
          placeholder="stdout"
          rows={8}
          spellCheck="false"
          style={
            Object {
              "display": "block",
              "flex": "1 1 auto",
              "height": "auto",
              "overflow": "scroll",
              "resize": "none",
              "width": "auto",
            }
          }
          value="puts gets"
        />
      </div>
    </div>
  </div>
</div>
`;

exports[`StaticIOShell_Kill 13`] = `
Array [
  Array [
    Object {
      "action": "init",
      "id": Object {
        "clicmid": 7,
      },
      "info": Object {
        "code": "p gets",
        "stdin": "ruby",
        "type": "filestdin",
      },
      "lang": "ruby",
    },
  ],
]
`;

exports[`StaticIOShell_Kill 14`] = `
<div
  className="flex-column"
>
  <div
    className="flex-elem flex-row"
  >
    <div
      className="flex-elem-fix flex-column"
    >
      <div
        className="flex-elem-fix"
      >
        <div
          className="flex-row"
        >
          <button
            className="flex-elem"
            onClick={[Function]}
            style={
              Object {
                "display": "block",
              }
            }
          >
            run
          </button>
        </div>
      </div>
      <div
        className="flex-elem-fix"
      >
        <div
          className="flex-row"
        >
          <button
            className="flex-elem"
            onClick={[Function]}
            style={
              Object {
                "display": "block",
              }
            }
          >
            kill
          </button>
        </div>
      </div>
      <div
        className="flex-elem-fix"
      >
        <div
          className="flex-row"
        >
          <button
            className="flex-elem"
            onClick={[Function]}
            style={
              Object {
                "display": "block",
              }
            }
          >
            IO/Err
          </button>
        </div>
      </div>
    </div>
    <div
      className="flex-elem flex-row"
      style={
        Object {
          "overflow": "hidden",
          "resize": "vertical",
        }
      }
    >
      <div
        className="flex-elem-fix flex-column"
      >
        <textarea
          onChange={[Function]}
          placeholder="stdin"
          rows={8}
          spellCheck="false"
          style={
            Object {
              "display": "block",
              "flex": "1 1 auto",
              "height": "auto",
              "overflow": "scroll",
              "resize": "horizontal",
              "width": "auto",
            }
          }
          value="ruby"
        />
      </div>
      <div
        className="flex-elem flex-column"
      >
        <textarea
          onChange={[Function]}
          placeholder="stdout"
          rows={8}
          spellCheck="false"
          style={
            Object {
              "display": "block",
              "flex": "1 1 auto",
              "height": "auto",
              "overflow": "scroll",
              "resize": "none",
              "width": "auto",
            }
          }
          value="puts gets"
        />
      </div>
    </div>
  </div>
</div>
`;

exports[`StaticIOShell_Kill 15`] = `
Array [
  Array [],
  Array [
    Array [
      "ASDFADSFA
",
    ],
    Array [
      "ASDFADSFA
",
    ],
  ],
  Array [],
  Array [
    Array [
      Object {
        "color": "gray",
        "details": null,
        "log": "",
        "summary": "setup",
      },
    ],
    Array [
      Object {
        "color": "gray",
        "details": null,
        "log": "",
        "summary": "setup",
      },
    ],
    Array [
      Object {
        "color": "gray",
        "details": null,
        "log": "",
        "summary": "store",
      },
    ],
    Array [
      Object {
        "color": "gray",
        "details": null,
        "log": "",
        "summary": "setup",
      },
    ],
    Array [
      Object {
        "color": "gray",
        "details": null,
        "log": "",
        "summary": "store",
      },
    ],
    Array [
      Object {
        "color": "light",
        "details": null,
        "log": "",
        "summary": "exec...",
      },
    ],
    Array [
      Object {
        "color": "gray",
        "details": null,
        "log": "",
        "summary": "setup",
      },
    ],
    Array [
      Object {
        "color": "gray",
        "details": null,
        "log": "",
        "summary": "store",
      },
    ],
    Array [
      Object {
        "color": "light",
        "details": null,
        "log": "",
        "summary": "exec...",
      },
    ],
    Array [
      Object {
        "color": "gray",
        "details": null,
        "log": "",
        "summary": "exec",
      },
    ],
    Array [
      Object {
        "color": "gray",
        "details": null,
        "log": "",
        "summary": "setup",
      },
    ],
    Array [
      Object {
        "color": "gray",
        "details": null,
        "log": "",
        "summary": "store",
      },
    ],
    Array [
      Object {
        "color": "light",
        "details": null,
        "log": "",
        "summary": "exec...",
      },
    ],
    Array [
      Object {
        "color": "gray",
        "details": null,
        "log": "",
        "summary": "exec",
      },
    ],
    Array [
      Object {
        "color": "gray",
        "details": null,
        "log": "",
        "summary": "pull",
      },
    ],
    Array [
      Object {
        "color": "gray",
        "details": null,
        "log": "",
        "summary": "setup",
      },
    ],
    Array [
      Object {
        "color": "gray",
        "details": null,
        "log": "",
        "summary": "store",
      },
    ],
    Array [
      Object {
        "color": "light",
        "details": null,
        "log": "",
        "summary": "exec...",
      },
    ],
    Array [
      Object {
        "color": "gray",
        "details": null,
        "log": "",
        "summary": "exec",
      },
    ],
    Array [
      Object {
        "color": "gray",
        "details": null,
        "log": "",
        "summary": "pull",
      },
    ],
    Array [
      Object {
        "color": "success",
        "details": Array [
          Object {
            "key": "time",
            "type": "param",
            "value": 0.043364763259887695,
          },
          Object {
            "key": "exitstatus",
            "type": "param",
            "value": 0,
          },
          Object {
            "text": "asdfadsfa
",
            "title": "stderr",
            "type": "text",
          },
        ],
        "log": "asdfadsfa
",
        "summary": "result(exec)",
      },
    ],
    Array [
      Object {
        "color": "gray",
        "details": null,
        "log": "",
        "summary": "setup",
      },
    ],
    Array [
      Object {
        "color": "gray",
        "details": null,
        "log": "",
        "summary": "store",
      },
    ],
    Array [
      Object {
        "color": "light",
        "details": null,
        "log": "",
        "summary": "exec...",
      },
    ],
    Array [
      Object {
        "color": "gray",
        "details": null,
        "log": "",
        "summary": "exec",
      },
    ],
    Array [
      Object {
        "color": "gray",
        "details": null,
        "log": "",
        "summary": "pull",
      },
    ],
    Array [
      Object {
        "color": "success",
        "details": Array [
          Object {
            "key": "time",
            "type": "param",
            "value": 0.043364763259887695,
          },
          Object {
            "key": "exitstatus",
            "type": "param",
            "value": 0,
          },
          Object {
            "text": "asdfadsfa
",
            "title": "stderr",
            "type": "text",
          },
        ],
        "log": "asdfadsfa
",
        "summary": "result(exec)",
      },
    ],
    Array [
      Object {
        "color": "gray",
        "details": null,
        "log": "",
        "summary": "finalize",
      },
    ],
  ],
  Array [
    Array [],
    Array [],
    Array [],
    Array [],
    Array [],
    Array [],
    Array [],
  ],
  Array [
    Array [
      Array [],
    ],
    Array [
      Array [],
    ],
  ],
  Array [
    Array [],
    Array [],
    Array [],
    Array [],
    Array [],
    Array [],
    Array [],
  ],
]
`;
